---
source: facet-reflect/src/partial/tests.rs
expression: err
---
Invariant violation: Partial::end() called with only one frame on the stack
