---
source: facet-reflect/src/partial/tests.rs
expression: err
---
Invariant violation: Cannot use Partial after it has been built or poisoned
