---
source: facet-reflect/src/partial/tests.rs
expression: result.unwrap_err()
---
Field error for shape Person: no such field
