---
source: facet-reflect/src/partial/tests.rs
expression: "Partial::alloc::<f64>().unwrap().build().unwrap_err()"
---
Value 'f64' was not initialized
