---
source: facet-reflect/src/partial/tests.rs
expression: err
---
Shape 'str' is unsized, can't perform operation alloc_shape
