---
source: facet-reflect/src/partial/tests.rs
expression: "Partial::alloc::<Box<u32>>().unwrap().build().unwrap_err()"
---
Value 'Box<u32>' was not initialized
