---
source: facet-reflect/src/partial/tests.rs
expression: err
---
Wrong shape: expected u32, but got String
