---
source: facet-reflect/src/partial/tests.rs
expression: "Partial::alloc::<Arc<u32>>().unwrap().build().unwrap_err()"
---
Value 'Arc<u32>' was not initialized
