---
source: facet-reflect/tests/partial/pointer.rs
expression: _err
---
Value 'Arc<str>' was not initialized
