---
source: facet-reflect/tests/partial/pointer.rs
expression: _err
---
Invariant violation: Partial::build() expects a single frame â€” call end() until that's the case
