---
source: facet-reflect/tests/partial/smartptr.rs
expression: err
---
Invariant violation: [31mPartial::build() expects a single frame â€” pop until that's the case[39m
